

  CollaboratorBadgeRewards V2 - Production Tests
    PHASE 1: Security Critical
TreasuryManager deployed at: 0x5FbDB2315678afecb367f032d93F642f64180aa3
Authorized owner in TreasuryManager
CollaboratorBadgeRewards deployed at: 0xCf7Ed3AccA5a467e9e704C703E8D87F634fB0Fc9
Setting Treasury Manager: 0x5FbDB2315678afecb367f032d93F642f64180aa3
Treasury Manager set
Authorizing CollaboratorBadgeRewards: 0xCf7Ed3AccA5a467e9e704C703E8D87F634fB0Fc9
Authorized CollaboratorBadgeRewards
Set quest admin
Funded contract with 1000 ETH
      1) Should prevent address(0) in completeQuestForUser
TreasuryManager deployed at: 0x2279B7A0a67DB372996a5FaB50D91eAA73d2eBe6
Authorized owner in TreasuryManager
CollaboratorBadgeRewards deployed at: 0x610178dA211FEF7D417bC0e6FeD39F05609AD788
Setting Treasury Manager: 0x2279B7A0a67DB372996a5FaB50D91eAA73d2eBe6
Treasury Manager set
Authorizing CollaboratorBadgeRewards: 0x610178dA211FEF7D417bC0e6FeD39F05609AD788
Authorized CollaboratorBadgeRewards
Set quest admin
Funded contract with 1000 ETH
      2) Should enforce MAX_BATCH_SIZE limit
TreasuryManager deployed at: 0x0B306BF915C4d645ff596e518fAf3F9669b97016
Authorized owner in TreasuryManager
CollaboratorBadgeRewards deployed at: 0x9A9f2CCfdE556A7E9Ff0848998Aa4a0CFD8863AE
Setting Treasury Manager: 0x0B306BF915C4d645ff596e518fAf3F9669b97016
Treasury Manager set
Authorizing CollaboratorBadgeRewards: 0x9A9f2CCfdE556A7E9Ff0848998Aa4a0CFD8863AE
Authorized CollaboratorBadgeRewards
Set quest admin
Funded contract with 1000 ETH
      Γ£ö Should validate quest existence (startTime > 0)
TreasuryManager deployed at: 0x4ed7c70F96B99c776995fB64377f0d4aB3B0e1C1
Authorized owner in TreasuryManager
CollaboratorBadgeRewards deployed at: 0xa85233C63b9Ee964Add6F2cffe00Fd84eb32338f
Setting Treasury Manager: 0x4ed7c70F96B99c776995fB64377f0d4aB3B0e1C1
Treasury Manager set
Authorizing CollaboratorBadgeRewards: 0xa85233C63b9Ee964Add6F2cffe00Fd84eb32338f
Authorized CollaboratorBadgeRewards
Set quest admin
Funded contract with 1000 ETH
      Γ£ö Should enforce maxRewardLimit in createQuest
TreasuryManager deployed at: 0x67d269191c92Caf3cD7723F116c85e6E9bf55933
Authorized owner in TreasuryManager
CollaboratorBadgeRewards deployed at: 0xc3e53F4d16Ae77Db1c982e75a937B9f60FE63690
Setting Treasury Manager: 0x67d269191c92Caf3cD7723F116c85e6E9bf55933
Treasury Manager set
Authorizing CollaboratorBadgeRewards: 0xc3e53F4d16Ae77Db1c982e75a937B9f60FE63690
Authorized CollaboratorBadgeRewards
Set quest admin
Funded contract with 1000 ETH
      3) Should track totalPendingRewards correctly
TreasuryManager deployed at: 0x851356ae760d987E095750cCeb3bC6014560891C
Authorized owner in TreasuryManager
CollaboratorBadgeRewards deployed at: 0x95401dc811bb5740090279Ba06cfA8fcF6113778
Setting Treasury Manager: 0x851356ae760d987E095750cCeb3bC6014560891C
Treasury Manager set
Authorizing CollaboratorBadgeRewards: 0x95401dc811bb5740090279Ba06cfA8fcF6113778
Authorized CollaboratorBadgeRewards
Set quest admin
Funded contract with 1000 ETH
      4) Should enforce maxPendingRewardsPerUser
    PHASE 2: Stability & Revenue
TreasuryManager deployed at: 0x8f86403A4DE0BB5791fa46B8e795C547942fE4Cf
Authorized owner in TreasuryManager
CollaboratorBadgeRewards deployed at: 0x5eb3Bc0a489C5A8288765d2336659EbCA68FCd00
Setting Treasury Manager: 0x8f86403A4DE0BB5791fa46B8e795C547942fE4Cf
Treasury Manager set
Authorizing CollaboratorBadgeRewards: 0x5eb3Bc0a489C5A8288765d2336659EbCA68FCd00
Authorized CollaboratorBadgeRewards
Set quest admin
Funded contract with 1000 ETH
      Γ£ö Should enforce strict timestamp validation in createQuest
TreasuryManager deployed at: 0x5f3f1dBD7B74C6B46e8c44f98792A1dAf8d69154
Authorized owner in TreasuryManager
CollaboratorBadgeRewards deployed at: 0xCD8a1C3ba11CF5ECfa6267617243239504a98d90
Setting Treasury Manager: 0x5f3f1dBD7B74C6B46e8c44f98792A1dAf8d69154
Treasury Manager set
Authorizing CollaboratorBadgeRewards: 0xCD8a1C3ba11CF5ECfa6267617243239504a98d90
Authorized CollaboratorBadgeRewards
Set quest admin
Funded contract with 1000 ETH
      Γ£ö Should enforce MAX_QUEST_DURATION
TreasuryManager deployed at: 0xc351628EB244ec633d5f21fBD6621e1a683B1181
Authorized owner in TreasuryManager
CollaboratorBadgeRewards deployed at: 0xcbEAF3BDe82155F56486Fb5a1072cb8baAf547cc
Setting Treasury Manager: 0xc351628EB244ec633d5f21fBD6621e1a683B1181
Treasury Manager set
Authorizing CollaboratorBadgeRewards: 0xcbEAF3BDe82155F56486Fb5a1072cb8baAf547cc
Authorized CollaboratorBadgeRewards
Set quest admin
Funded contract with 1000 ETH
      5) Should track userContributionVolume
TreasuryManager deployed at: 0x5081a39b8A5f0E35a8D959395a630b68B74Dd30f
Authorized owner in TreasuryManager
CollaboratorBadgeRewards deployed at: 0xdbC43Ba45381e02825b14322cDdd15eC4B3164E6
Setting Treasury Manager: 0x5081a39b8A5f0E35a8D959395a630b68B74Dd30f
Treasury Manager set
Authorizing CollaboratorBadgeRewards: 0xdbC43Ba45381e02825b14322cDdd15eC4B3164E6
Authorized CollaboratorBadgeRewards
Set quest admin
Funded contract with 1000 ETH
      6) Should calculate tiered commission correctly
TreasuryManager deployed at: 0xD8a5a9b31c3C0232E196d518E89Fd8bF83AcAd43
Authorized owner in TreasuryManager
CollaboratorBadgeRewards deployed at: 0x51A1ceB83B83F1985a81C295d1fF28Afef186E02
Setting Treasury Manager: 0xD8a5a9b31c3C0232E196d518E89Fd8bF83AcAd43
Treasury Manager set
Authorizing CollaboratorBadgeRewards: 0x51A1ceB83B83F1985a81C295d1fF28Afef186E02
Authorized CollaboratorBadgeRewards
Set quest admin
Funded contract with 1000 ETH
      7) Should apply tiered fee in claimRewards
TreasuryManager deployed at: 0xf4B146FbA71F41E0592668ffbF264F1D186b2Ca8
Authorized owner in TreasuryManager
CollaboratorBadgeRewards deployed at: 0x4EE6eCAD1c2Dae9f525404De8555724e3c35d07B
Setting Treasury Manager: 0xf4B146FbA71F41E0592668ffbF264F1D186b2Ca8
Treasury Manager set
Authorizing CollaboratorBadgeRewards: 0x4EE6eCAD1c2Dae9f525404De8555724e3c35d07B
Authorized CollaboratorBadgeRewards
Set quest admin
Funded contract with 1000 ETH
      Γ£ö Should allow admin to set custom commission tiers
TreasuryManager deployed at: 0xC9a43158891282A2B1475592D5719c001986Aaec
Authorized owner in TreasuryManager
CollaboratorBadgeRewards deployed at: 0x367761085BF3C12e5DA2Df99AC6E1a824612b8fb
Setting Treasury Manager: 0xC9a43158891282A2B1475592D5719c001986Aaec
Treasury Manager set
Authorizing CollaboratorBadgeRewards: 0x367761085BF3C12e5DA2Df99AC6E1a824612b8fb
Authorized CollaboratorBadgeRewards
Set quest admin
Funded contract with 1000 ETH
      Γ£ö Should update claimFeePercent correctly
TreasuryManager deployed at: 0xA4899D35897033b927acFCf422bc745916139776
Authorized owner in TreasuryManager
CollaboratorBadgeRewards deployed at: 0xAA292E8611aDF267e563f334Ee42320aC96D0463
Setting Treasury Manager: 0xA4899D35897033b927acFCf422bc745916139776
Treasury Manager set
Authorizing CollaboratorBadgeRewards: 0xAA292E8611aDF267e563f334Ee42320aC96D0463
Authorized CollaboratorBadgeRewards
Set quest admin
Funded contract with 1000 ETH
      Γ£ö Should reject excessive fee rates
    View Functions
TreasuryManager deployed at: 0x18E317A7D70d8fBf8e6E893616b52390EbBdb629
Authorized owner in TreasuryManager
CollaboratorBadgeRewards deployed at: 0xCace1b78160AE76398F486c8a18044da0d66d86D
Setting Treasury Manager: 0x18E317A7D70d8fBf8e6E893616b52390EbBdb629
Treasury Manager set
Authorizing CollaboratorBadgeRewards: 0xCace1b78160AE76398F486c8a18044da0d66d86D
Authorized CollaboratorBadgeRewards
Set quest admin
Funded contract with 1000 ETH
      8) Should return correct contract health
TreasuryManager deployed at: 0x34B40BA116d5Dec75548a9e9A8f15411461E8c70
Authorized owner in TreasuryManager
CollaboratorBadgeRewards deployed at: 0x07882Ae1ecB7429a84f1D53048d35c4bB2056877
Setting Treasury Manager: 0x34B40BA116d5Dec75548a9e9A8f15411461E8c70
Treasury Manager set
Authorizing CollaboratorBadgeRewards: 0x07882Ae1ecB7429a84f1D53048d35c4bB2056877
Authorized CollaboratorBadgeRewards
Set quest admin
Funded contract with 1000 ETH
      9) Should detect insolvency
TreasuryManager deployed at: 0x5bf5b11053e734690269C6B9D438F8C9d48F528A
Authorized owner in TreasuryManager
CollaboratorBadgeRewards deployed at: 0x3aAde2dCD2Df6a8cAc689EE797591b2913658659
Setting Treasury Manager: 0x5bf5b11053e734690269C6B9D438F8C9d48F528A
Treasury Manager set
Authorizing CollaboratorBadgeRewards: 0x3aAde2dCD2Df6a8cAc689EE797591b2913658659
Authorized CollaboratorBadgeRewards
Set quest admin
Funded contract with 1000 ETH
      Γ£ö Should return all commission tiers
TreasuryManager deployed at: 0x525C7063E7C20997BaaE9bDa922159152D0e8417
Authorized owner in TreasuryManager
CollaboratorBadgeRewards deployed at: 0x5fc748f1FEb28d7b76fa1c6B07D8ba2d5535177c
Setting Treasury Manager: 0x525C7063E7C20997BaaE9bDa922159152D0e8417
Treasury Manager set
Authorizing CollaboratorBadgeRewards: 0x5fc748f1FEb28d7b76fa1c6B07D8ba2d5535177c
Authorized CollaboratorBadgeRewards
Set quest admin
Funded contract with 1000 ETH
      10) Should return user contribution volume


  8 passing (3s)
  10 failing

  1) CollaboratorBadgeRewards V2 - Production Tests
       PHASE 1: Security Critical
         Should prevent address(0) in completeQuestForUser:
     Error: VM Exception while processing transaction: reverted with custom error 'InvalidTimestamp()'
    at CollaboratorBadgeRewards.onlyQuestAdmin (contracts/Marketplace/CollaboratorBadgeRewards.sol:203)
    at CollaboratorBadgeRewards.createQuest (contracts/Marketplace/CollaboratorBadgeRewards.sol:270)
    at CollaboratorBadgeRewards.onlyQuestAdmin (contracts/Marketplace/CollaboratorBadgeRewards.sol:204)
    at <UnrecognizedContract>.<unknown> (0xcf7ed3acca5a467e9e704c703e8d87f634fb0fc9)
    at EdrProviderWrapper.request (node_modules\hardhat\src\internal\hardhat-network\provider\provider.ts:434:41)
    at HardhatEthersProvider.estimateGas (node_modules\@nomicfoundation\hardhat-ethers\src\internal\hardhat-ethers-provider.ts:246:27)
    at C:\Users\lenny\OneDrive\Documentos\GitHub\nuxchain-protocol\node_modules\@nomicfoundation\hardhat-ethers\src\signers.ts:335:35
    at async Promise.all (index 0)
    at HardhatEthersSigner._sendUncheckedTransaction (node_modules\@nomicfoundation\hardhat-ethers\src\signers.ts:356:7)
    at HardhatEthersSigner.sendTransaction (node_modules\@nomicfoundation\hardhat-ethers\src\signers.ts:181:18)
    at send (node_modules\ethers\src.ts\contract\contract.ts:313:20)
    at Proxy.createQuest (node_modules\ethers\src.ts\contract\contract.ts:352:16)
    at createQuestOn (test\CollaboratorBadgeRewards-v2.cjs:371:20)
  

  2) CollaboratorBadgeRewards V2 - Production Tests
       PHASE 1: Security Critical
         Should enforce MAX_BATCH_SIZE limit:
     Error: VM Exception while processing transaction: reverted with custom error 'InvalidTimestamp()'
    at CollaboratorBadgeRewards.onlyQuestAdmin (contracts/Marketplace/CollaboratorBadgeRewards.sol:203)
    at CollaboratorBadgeRewards.createQuest (contracts/Marketplace/CollaboratorBadgeRewards.sol:270)
    at CollaboratorBadgeRewards.onlyQuestAdmin (contracts/Marketplace/CollaboratorBadgeRewards.sol:204)
    at <UnrecognizedContract>.<unknown> (0x610178da211fef7d417bc0e6fed39f05609ad788)
    at EdrProviderWrapper.request (node_modules\hardhat\src\internal\hardhat-network\provider\provider.ts:434:41)
    at HardhatEthersProvider.estimateGas (node_modules\@nomicfoundation\hardhat-ethers\src\internal\hardhat-ethers-provider.ts:246:27)
    at C:\Users\lenny\OneDrive\Documentos\GitHub\nuxchain-protocol\node_modules\@nomicfoundation\hardhat-ethers\src\signers.ts:335:35
    at async Promise.all (index 0)
    at HardhatEthersSigner._sendUncheckedTransaction (node_modules\@nomicfoundation\hardhat-ethers\src\signers.ts:356:7)
    at HardhatEthersSigner.sendTransaction (node_modules\@nomicfoundation\hardhat-ethers\src\signers.ts:181:18)
    at send (node_modules\ethers\src.ts\contract\contract.ts:313:20)
    at Proxy.createQuest (node_modules\ethers\src.ts\contract\contract.ts:352:16)
    at createQuestOn (test\CollaboratorBadgeRewards-v2.cjs:371:20)
  

  3) CollaboratorBadgeRewards V2 - Production Tests
       PHASE 1: Security Critical
         Should track totalPendingRewards correctly:
     Error: VM Exception while processing transaction: reverted with custom error 'InvalidTimestamp()'
    at CollaboratorBadgeRewards.onlyQuestAdmin (contracts/Marketplace/CollaboratorBadgeRewards.sol:203)
    at CollaboratorBadgeRewards.createQuest (contracts/Marketplace/CollaboratorBadgeRewards.sol:270)
    at CollaboratorBadgeRewards.onlyQuestAdmin (contracts/Marketplace/CollaboratorBadgeRewards.sol:204)
    at <UnrecognizedContract>.<unknown> (0xc3e53f4d16ae77db1c982e75a937b9f60fe63690)
    at EdrProviderWrapper.request (node_modules\hardhat\src\internal\hardhat-network\provider\provider.ts:434:41)
    at HardhatEthersProvider.estimateGas (node_modules\@nomicfoundation\hardhat-ethers\src\internal\hardhat-ethers-provider.ts:246:27)
    at C:\Users\lenny\OneDrive\Documentos\GitHub\nuxchain-protocol\node_modules\@nomicfoundation\hardhat-ethers\src\signers.ts:335:35
    at async Promise.all (index 0)
    at HardhatEthersSigner._sendUncheckedTransaction (node_modules\@nomicfoundation\hardhat-ethers\src\signers.ts:356:7)
    at HardhatEthersSigner.sendTransaction (node_modules\@nomicfoundation\hardhat-ethers\src\signers.ts:181:18)
    at send (node_modules\ethers\src.ts\contract\contract.ts:313:20)
    at Proxy.createQuest (node_modules\ethers\src.ts\contract\contract.ts:352:16)
    at createQuestOn (test\CollaboratorBadgeRewards-v2.cjs:371:20)
  

  4) CollaboratorBadgeRewards V2 - Production Tests
       PHASE 1: Security Critical
         Should enforce maxPendingRewardsPerUser:
     Error: VM Exception while processing transaction: reverted with custom error 'InvalidTimestamp()'
    at CollaboratorBadgeRewards.onlyQuestAdmin (contracts/Marketplace/CollaboratorBadgeRewards.sol:203)
    at CollaboratorBadgeRewards.createQuest (contracts/Marketplace/CollaboratorBadgeRewards.sol:270)
    at CollaboratorBadgeRewards.onlyQuestAdmin (contracts/Marketplace/CollaboratorBadgeRewards.sol:204)
    at <UnrecognizedContract>.<unknown> (0x95401dc811bb5740090279ba06cfa8fcf6113778)
    at EdrProviderWrapper.request (node_modules\hardhat\src\internal\hardhat-network\provider\provider.ts:434:41)
    at HardhatEthersProvider.estimateGas (node_modules\@nomicfoundation\hardhat-ethers\src\internal\hardhat-ethers-provider.ts:246:27)
    at C:\Users\lenny\OneDrive\Documentos\GitHub\nuxchain-protocol\node_modules\@nomicfoundation\hardhat-ethers\src\signers.ts:335:35
    at async Promise.all (index 0)
    at HardhatEthersSigner._sendUncheckedTransaction (node_modules\@nomicfoundation\hardhat-ethers\src\signers.ts:356:7)
    at HardhatEthersSigner.sendTransaction (node_modules\@nomicfoundation\hardhat-ethers\src\signers.ts:181:18)
    at send (node_modules\ethers\src.ts\contract\contract.ts:313:20)
    at Proxy.createQuest (node_modules\ethers\src.ts\contract\contract.ts:352:16)
    at createQuestOn (test\CollaboratorBadgeRewards-v2.cjs:371:20)
  

  5) CollaboratorBadgeRewards V2 - Production Tests
       PHASE 2: Stability & Revenue
         Should track userContributionVolume:
     Error: VM Exception while processing transaction: reverted with custom error 'InvalidTimestamp()'
    at CollaboratorBadgeRewards.onlyQuestAdmin (contracts/Marketplace/CollaboratorBadgeRewards.sol:203)
    at CollaboratorBadgeRewards.createQuest (contracts/Marketplace/CollaboratorBadgeRewards.sol:270)
    at CollaboratorBadgeRewards.onlyQuestAdmin (contracts/Marketplace/CollaboratorBadgeRewards.sol:204)
    at <UnrecognizedContract>.<unknown> (0xcbeaf3bde82155f56486fb5a1072cb8baaf547cc)
    at EdrProviderWrapper.request (node_modules\hardhat\src\internal\hardhat-network\provider\provider.ts:434:41)
    at HardhatEthersProvider.estimateGas (node_modules\@nomicfoundation\hardhat-ethers\src\internal\hardhat-ethers-provider.ts:246:27)
    at C:\Users\lenny\OneDrive\Documentos\GitHub\nuxchain-protocol\node_modules\@nomicfoundation\hardhat-ethers\src\signers.ts:335:35
    at async Promise.all (index 0)
    at HardhatEthersSigner._sendUncheckedTransaction (node_modules\@nomicfoundation\hardhat-ethers\src\signers.ts:356:7)
    at HardhatEthersSigner.sendTransaction (node_modules\@nomicfoundation\hardhat-ethers\src\signers.ts:181:18)
    at send (node_modules\ethers\src.ts\contract\contract.ts:313:20)
    at Proxy.createQuest (node_modules\ethers\src.ts\contract\contract.ts:352:16)
    at createQuestOn (test\CollaboratorBadgeRewards-v2.cjs:371:20)
  

  6) CollaboratorBadgeRewards V2 - Production Tests
       PHASE 2: Stability & Revenue
         Should calculate tiered commission correctly:
     Error: VM Exception while processing transaction: reverted with custom error 'InvalidTimestamp()'
    at CollaboratorBadgeRewards.onlyQuestAdmin (contracts/Marketplace/CollaboratorBadgeRewards.sol:203)
    at CollaboratorBadgeRewards.createQuest (contracts/Marketplace/CollaboratorBadgeRewards.sol:270)
    at CollaboratorBadgeRewards.onlyQuestAdmin (contracts/Marketplace/CollaboratorBadgeRewards.sol:204)
    at <UnrecognizedContract>.<unknown> (0xdbc43ba45381e02825b14322cddd15ec4b3164e6)
    at EdrProviderWrapper.request (node_modules\hardhat\src\internal\hardhat-network\provider\provider.ts:434:41)
    at HardhatEthersProvider.estimateGas (node_modules\@nomicfoundation\hardhat-ethers\src\internal\hardhat-ethers-provider.ts:246:27)
    at C:\Users\lenny\OneDrive\Documentos\GitHub\nuxchain-protocol\node_modules\@nomicfoundation\hardhat-ethers\src\signers.ts:335:35
    at async Promise.all (index 0)
    at HardhatEthersSigner._sendUncheckedTransaction (node_modules\@nomicfoundation\hardhat-ethers\src\signers.ts:356:7)
    at HardhatEthersSigner.sendTransaction (node_modules\@nomicfoundation\hardhat-ethers\src\signers.ts:181:18)
    at send (node_modules\ethers\src.ts\contract\contract.ts:313:20)
    at Proxy.createQuest (node_modules\ethers\src.ts\contract\contract.ts:352:16)
    at createQuestOn (test\CollaboratorBadgeRewards-v2.cjs:371:20)
  

  7) CollaboratorBadgeRewards V2 - Production Tests
       PHASE 2: Stability & Revenue
         Should apply tiered fee in claimRewards:
     Error: VM Exception while processing transaction: reverted with custom error 'InvalidTimestamp()'
    at CollaboratorBadgeRewards.onlyQuestAdmin (contracts/Marketplace/CollaboratorBadgeRewards.sol:203)
    at CollaboratorBadgeRewards.createQuest (contracts/Marketplace/CollaboratorBadgeRewards.sol:270)
    at CollaboratorBadgeRewards.onlyQuestAdmin (contracts/Marketplace/CollaboratorBadgeRewards.sol:204)
    at <UnrecognizedContract>.<unknown> (0x51a1ceb83b83f1985a81c295d1ff28afef186e02)
    at EdrProviderWrapper.request (node_modules\hardhat\src\internal\hardhat-network\provider\provider.ts:434:41)
    at HardhatEthersProvider.estimateGas (node_modules\@nomicfoundation\hardhat-ethers\src\internal\hardhat-ethers-provider.ts:246:27)
    at C:\Users\lenny\OneDrive\Documentos\GitHub\nuxchain-protocol\node_modules\@nomicfoundation\hardhat-ethers\src\signers.ts:335:35
    at async Promise.all (index 0)
    at HardhatEthersSigner._sendUncheckedTransaction (node_modules\@nomicfoundation\hardhat-ethers\src\signers.ts:356:7)
    at HardhatEthersSigner.sendTransaction (node_modules\@nomicfoundation\hardhat-ethers\src\signers.ts:181:18)
    at send (node_modules\ethers\src.ts\contract\contract.ts:313:20)
    at Proxy.createQuest (node_modules\ethers\src.ts\contract\contract.ts:352:16)
    at createQuestOn (test\CollaboratorBadgeRewards-v2.cjs:371:20)
  

  8) CollaboratorBadgeRewards V2 - Production Tests
       View Functions
         Should return correct contract health:
     Error: VM Exception while processing transaction: reverted with custom error 'InvalidTimestamp()'
    at CollaboratorBadgeRewards.onlyQuestAdmin (contracts/Marketplace/CollaboratorBadgeRewards.sol:203)
    at CollaboratorBadgeRewards.createQuest (contracts/Marketplace/CollaboratorBadgeRewards.sol:270)
    at CollaboratorBadgeRewards.onlyQuestAdmin (contracts/Marketplace/CollaboratorBadgeRewards.sol:204)
    at <UnrecognizedContract>.<unknown> (0xcace1b78160ae76398f486c8a18044da0d66d86d)
    at EdrProviderWrapper.request (node_modules\hardhat\src\internal\hardhat-network\provider\provider.ts:434:41)
    at HardhatEthersProvider.estimateGas (node_modules\@nomicfoundation\hardhat-ethers\src\internal\hardhat-ethers-provider.ts:246:27)
    at C:\Users\lenny\OneDrive\Documentos\GitHub\nuxchain-protocol\node_modules\@nomicfoundation\hardhat-ethers\src\signers.ts:335:35
    at async Promise.all (index 0)
    at HardhatEthersSigner._sendUncheckedTransaction (node_modules\@nomicfoundation\hardhat-ethers\src\signers.ts:356:7)
    at HardhatEthersSigner.sendTransaction (node_modules\@nomicfoundation\hardhat-ethers\src\signers.ts:181:18)
    at send (node_modules\ethers\src.ts\contract\contract.ts:313:20)
    at Proxy.createQuest (node_modules\ethers\src.ts\contract\contract.ts:352:16)
    at createQuestOn (test\CollaboratorBadgeRewards-v2.cjs:371:20)
  

  9) CollaboratorBadgeRewards V2 - Production Tests
       View Functions
         Should detect insolvency:
     Error: VM Exception while processing transaction: reverted with custom error 'InvalidTimestamp()'
    at CollaboratorBadgeRewards.onlyQuestAdmin (contracts/Marketplace/CollaboratorBadgeRewards.sol:203)
    at CollaboratorBadgeRewards.createQuest (contracts/Marketplace/CollaboratorBadgeRewards.sol:270)
    at CollaboratorBadgeRewards.onlyQuestAdmin (contracts/Marketplace/CollaboratorBadgeRewards.sol:204)
    at <UnrecognizedContract>.<unknown> (0x3347b4d90ebe72befb30444c9966b2b990ae9fcb)
    at EdrProviderWrapper.request (node_modules\hardhat\src\internal\hardhat-network\provider\provider.ts:434:41)
    at HardhatEthersProvider.estimateGas (node_modules\@nomicfoundation\hardhat-ethers\src\internal\hardhat-ethers-provider.ts:246:27)
    at C:\Users\lenny\OneDrive\Documentos\GitHub\nuxchain-protocol\node_modules\@nomicfoundation\hardhat-ethers\src\signers.ts:335:35
    at async Promise.all (index 0)
    at HardhatEthersSigner._sendUncheckedTransaction (node_modules\@nomicfoundation\hardhat-ethers\src\signers.ts:356:7)
    at HardhatEthersSigner.sendTransaction (node_modules\@nomicfoundation\hardhat-ethers\src\signers.ts:181:18)
    at send (node_modules\ethers\src.ts\contract\contract.ts:313:20)
    at Proxy.createQuest (node_modules\ethers\src.ts\contract\contract.ts:352:16)
    at createQuestOn (test\CollaboratorBadgeRewards-v2.cjs:371:20)
  

  10) CollaboratorBadgeRewards V2 - Production Tests
       View Functions
         Should return user contribution volume:
     Error: VM Exception while processing transaction: reverted with custom error 'InvalidTimestamp()'
    at CollaboratorBadgeRewards.onlyQuestAdmin (contracts/Marketplace/CollaboratorBadgeRewards.sol:203)
    at CollaboratorBadgeRewards.createQuest (contracts/Marketplace/CollaboratorBadgeRewards.sol:270)
    at CollaboratorBadgeRewards.onlyQuestAdmin (contracts/Marketplace/CollaboratorBadgeRewards.sol:204)
    at <UnrecognizedContract>.<unknown> (0x5fc748f1feb28d7b76fa1c6b07d8ba2d5535177c)
    at EdrProviderWrapper.request (node_modules\hardhat\src\internal\hardhat-network\provider\provider.ts:434:41)
    at HardhatEthersProvider.estimateGas (node_modules\@nomicfoundation\hardhat-ethers\src\internal\hardhat-ethers-provider.ts:246:27)
    at C:\Users\lenny\OneDrive\Documentos\GitHub\nuxchain-protocol\node_modules\@nomicfoundation\hardhat-ethers\src\signers.ts:335:35
    at async Promise.all (index 0)
    at HardhatEthersSigner._sendUncheckedTransaction (node_modules\@nomicfoundation\hardhat-ethers\src\signers.ts:356:7)
    at HardhatEthersSigner.sendTransaction (node_modules\@nomicfoundation\hardhat-ethers\src\signers.ts:181:18)
    at send (node_modules\ethers\src.ts\contract\contract.ts:313:20)
    at Proxy.createQuest (node_modules\ethers\src.ts\contract\contract.ts:352:16)
    at createQuestOn (test\CollaboratorBadgeRewards-v2.cjs:371:20)
  



